 
2020-05-07_11-34-05
MemTotal:        8059336 kB
MemFree:         1365704 kB
MemAvailable:    4019604 kB
2020-05-07_12-30-30
MemTotal:        8059336 kB
MemFree:          621604 kB
MemAvailable:    3456544 kB
2020-05-07_12-31-01
MemTotal:        8059336 kB
MemFree:          621332 kB
MemAvailable:    3457512 kB
2020-05-07_12-31-48
MemTotal:        8059336 kB
MemFree:          597640 kB
MemAvailable:    3434892 kB
2020-05-07_12-33-34
MemTotal:        8059336 kB
MemFree:          609824 kB
MemAvailable:    3453292 kB
2020-05-07_12-33-50
MemTotal:        8059336 kB
MemFree:          604020 kB
MemAvailable:    3445424 kB
2020-05-07_12-35-26
MemTotal:        8059336 kB
MemFree:          574080 kB
MemAvailable:    3421652 kB
2020-05-07_12-35-58
MemTotal:        8059336 kB
MemFree:          599308 kB
MemAvailable:    3448708 kB
2020-05-07_12-37-00
MemTotal:        8059336 kB
MemFree:          613200 kB
MemAvailable:    3466832 kB
2020-05-07_12-39-30
MemTotal:        8059336 kB
MemFree:          446276 kB
MemAvailable:    3313748 kB
2020-05-07_12-40-25
MemTotal:        8059336 kB
MemFree:          467688 kB
MemAvailable:    3340656 kB
2020-05-07_13-01-38
MemTotal:        8059336 kB
MemFree:          310648 kB
MemAvailable:    3191900 kB
2020-05-07_13-02-30
MemTotal:        8059336 kB
MemFree:          301188 kB
MemAvailable:    3184096 kB
2020-05-07_13-03-28
MemTotal:        8059336 kB
MemFree:          350120 kB
MemAvailable:    3234404 kB
2020-05-07_21-02-40
MemTotal:        8059336 kB
MemFree:          796540 kB
MemAvailable:    3670904 kB
2020-05-07_21-18-45
MemTotal:        8059336 kB
MemFree:          742724 kB
MemAvailable:    3717368 kB
2020-05-07_21-21-23
MemTotal:        8059336 kB
MemFree:          725920 kB
MemAvailable:    3702924 kB
2020-05-07_21-54-01
MemTotal:        8059336 kB
MemFree:         1120748 kB
MemAvailable:    3727904 kB
2020-05-07_21-56-01
MemTotal:        8059336 kB
MemFree:         1024428 kB
MemAvailable:    3632652 kB
2020-05-07_21-58-01
MemTotal:        8059336 kB
MemFree:         1111476 kB
MemAvailable:    3740320 kB
2020-05-07_22-00-01
MemTotal:        8059336 kB
MemFree:         1136196 kB
MemAvailable:    3765364 kB
2020-05-07_22-02-01
MemTotal:        8059336 kB
MemFree:         1119876 kB
MemAvailable:    3762108 kB
2020-05-07_22-04-01
MemTotal:        8059336 kB
MemFree:         1084928 kB
MemAvailable:    3727292 kB
2020-05-07_22-06-01
MemTotal:        8059336 kB
MemFree:         1120224 kB
MemAvailable:    3763532 kB
2020-05-07_22-08-01
MemTotal:        8059336 kB
MemFree:          895884 kB
MemAvailable:    3584108 kB
2020-05-07_22-10-01
MemTotal:        8059336 kB
MemFree:          854980 kB
MemAvailable:    3552716 kB
